REM TestHeader-batch_MIT-0.expected
REM
REM Copyright (c) 2013 - 2020 Max Muster
REM Copyright (c) 2021 Umbrella Inc
REM All rights reserved.
REM
REM SPDX-License-Identifier: MIT-0
REM
REM Permission is hereby granted, free of charge, to any person obtaining a
REM copy of this software and associated documentation files (the "Software"),
REM to deal in the Software without restriction, including without limitation
REM the rights to use, copy, modify, merge, publish, distribute, sublicense,
REM and/or sell copies of the Software, and to permit persons to whom the
REM Software is furnished to do so.
REM
REM THE SOFTWARE IS PROVIDED "AS IS", WITHOUT WARRANTY OF ANY KIND, EXPRESS
REM OR IMPLIED, INCLUDING BUT NOT LIMITED TO THE WARRANTIES OF MERCHANTABILITY,
REM FITNESS FOR A PARTICULAR PURPOSE AND NONINFRINGEMENT. IN NO EVENT SHALL
REM THE AUTHORS OR COPYRIGHT HOLDERS BE LIABLE FOR ANY CLAIM, DAMAGES OR
REM OTHER LIABILITY, WHETHER IN AN ACTION OF CONTRACT, TORT OR OTHERWISE,
REM ARISING FROM, OUT OF OR IN CONNECTION WITH THE SOFTWARE OR THE USE
REM OR OTHER DEALINGS IN THE SOFTWARE.
