/*
* TestHeader-c_Simple.expected
*
* Copyright (c) 2013 - 2020 Max Muster
* Copyright (c) 2021 Umbrella Inc
* All rights reserved.
*
* No warranty, explicit or implicit, provided.
*/
