REM
REM TestHeader-batch_AGPL-3.0-only.expected
REM
REM Copyright (c) 2013 - 2020 Max Muster
REM Copyright (c) 2021 Umbrella Inc
REM All rights reserved.
REM
REM SPDX-License-Identifier: AGPL-3.0-only
REM
REM This program is free software: you can redistribute it and/or modify
REM it under the terms of the GNU Affero General Public License as published by
REM the Free Software Foundation, either version 3 of the License, or
REM (at your option) any later version.
REM
REM This program is distributed in the hope that it will be useful,
REM but WITHOUT ANY WARRANTY; without even the implied warranty of
REM MERCHANTABILITY or FITNESS FOR A PARTICULAR PURPOSE.  See the
REM GNU Affero General Public License for more details.
REM
REM You should have received a copy of the GNU Affero General Public License
REM along with this program.  If not, see <http://www.gnu.org/licenses/>.
REM
