REM
REM TestHeader-batch_LGPL-2.1-or-later.expected
REM
REM Copyright (c) 2013 - 2020 Max Muster
REM Copyright (c) 2021 Umbrella Inc
REM All rights reserved.
REM
REM SPDX-License-Identifier: LGPL-2.1-or-later
REM
REM This library is free software; you can redistribute it and/or
REM modify it under the terms of the GNU Lesser General Public
REM License as published by the Free Software Foundation; either
REM version 2.1 of the License, or (at your option) any later version.
REM
REM This library is distributed in the hope that it will be useful,
REM but WITHOUT ANY WARRANTY; without even the implied warranty of
REM MERCHANTABILITY or FITNESS FOR A PARTICULAR PURPOSE.  See the GNU
REM Lesser General Public License for more details.
REM
REM You should have received a copy of the GNU Lesser General Public
REM License along with this library; if not, write to the Free Software
REM Foundation, Inc., 51 Franklin Street, Fifth Floor, Boston, MA  02110-1301  USA
REM
