#
# TestLicense.pound_Simple.expected
#
# Copyright (c) 2013 - 2020 Max Muster
# Copyright (c) 2021 Umbrella Inc
# All rights reserved.
#
# @LICENSE_HEADER_START@
# No warranty, explicit or implicit, provided.
# @LICENSE_HEADER_END@
#
