REM TestHeader-batch_GPL-2.0-or-later.expected
REM
REM Copyright (c) 2013 - 2020 Max Muster
REM Copyright (c) 2021 Umbrella Inc
REM All rights reserved.
REM
REM SPDX-License-Identifier: GPL-2.0-or-later
REM
REM This program is free software; you can redistribute it and/or modify
REM it under the terms of the GNU General Public License as published by
REM the Free Software Foundation; either version 2 of the License, or
REM (at your option) any later version.
REM
REM This program is distributed in the hope that it will be useful,
REM but WITHOUT ANY WARRANTY; without even the implied warranty of
REM MERCHANTABILITY or FITNESS FOR A PARTICULAR PURPOSE.  See the
REM GNU Library General Public License for more details.
REM
REM You should have received a copy of the GNU General Public License
REM along with this program; if not, write to the Free Software
REM Foundation, Inc., 59 Temple Place - Suite 330, Boston, MA 02111-1307, USA.
