/*
 * TestHeader-no_license_GPL-2.0-or-later.expected
 *
 * Copyright (c) 2013 - 2020 Max Muster
 * Copyright (c) 2021 Umbrella Inc
 * All rights reserved.
 */
